will run 321 trials, budget=600s each, upper-bound wall time ~53.5h
  [1/321] A005265_a2_shuf                  t=  14.8s  sc/train=33/33 pred/k=19/20  -> no
  [2/321] A071028_a3_shuf                  t= 592.0s  sc/train=23/75 pred/k=0/24  -> no
  [3/321] A071035_a3_shuf                  t= 592.9s  sc/train=12/75 pred/k=0/25  -> no
  [4/321] A071036_a2_shuf                  t= 600.3s  sc/train=18/75 pred/k=0/24  -> no
  [5/321] A071037_a2_shuf                  t= 592.4s  sc/train=22/75 pred/k=0/24  -> no
  [6/321] A071047_a3_shuf                  t= 591.6s  sc/train=12/48 pred/k=0/20  -> no
  [7/321] A072495_a3_shuf                  t= 590.6s  sc/train=12/50 pred/k=0/20  -> no
  [8/321] A079315_a2_shuf                  t=  42.7s  sc/train=41/41 pred/k=20/20  -> DISCOVERY
  [9/321] A093514_a3_shuf                  t= 591.6s  sc/train=11/42 pred/k=0/20  -> no
  [10/321] A093516_a3_shuf                  t= 591.4s  sc/train=11/41 pred/k=0/20  -> no
  [11/321] A128154_a3_shuf                  t= 592.2s  sc/train=12/30 pred/k=0/20  -> no
  [12/321] A128159_a2_shuf                  t= 600.2s  sc/train=23/33 pred/k=0/20  -> no
  [13/321] A173456_a2_shuf                  t=  10.4s  sc/train=29/29 pred/k=19/20  -> no
  [14/321] A173457_a2_shuf                  t=  21.2s  sc/train=41/41 pred/k=20/20  -> DISCOVERY
  [15/321] A231348_a3_shuf                  t= 592.0s  sc/train=11/45 pred/k=0/20  -> no
  [16/321] A265225_a2_shuf                  t= 592.1s  sc/train=21/33 pred/k=0/20  -> no
  [17/321] A266282_a3_shuf                  t= 591.6s  sc/train=17/65 pred/k=0/21  -> no
  [18/321] A266441_a3_shuf                  t= 595.9s  sc/train=13/65 pred/k=0/21  -> no
  [19/321] A266716_a3_shuf                  t= 590.9s  sc/train=14/65 pred/k=0/21  -> no
  [20/321] A266786_a2_shuf                  t= 592.6s  sc/train=18/65 pred/k=0/21  -> no
  [21/321] A267015_a2_shuf                  t= 592.8s  sc/train=17/65 pred/k=0/21  -> no
  [22/321] A267463_a3_shuf                  t= 592.5s  sc/train=16/65 pred/k=0/21  -> no
  [23/321] A267576_a2_shuf                  t= 600.2s  sc/train=19/65 pred/k=0/21  -> no
  [24/321] A267870_a3_shuf                  t= 615.6s  sc/train=53/65 pred/k=0/21  -> no
  [25/321] A277799_a2_shuf                  t= 600.2s  sc/train=19/23 pred/k=0/20  -> no
  [26/321] A299477_a3_shuf                  t= 591.0s  sc/train=14/29 pred/k=0/20  -> no
  [27/321] A334496_a2_shuf                  t= 600.2s  sc/train=21/22 pred/k=0/20  -> no
  [28/321] A334499_a2_shuf                  t= 600.2s  sc/train=17/20 pred/k=0/20  -> no
  [29/321] collatz_k11_c3_b3_shuf           t= 592.3s  sc/train=36/150 pred/k=0/50  -> no
  [30/321] collatz_k11_c7_b2_shuf           t= 604.4s  sc/train=54/150 pred/k=0/50  -> no
  [31/321] collatz_k3_c3_b2_shuf            t= 643.5s  sc/train=114/150 pred/k=0/50  -> no
  [32/321] collatz_k5_c1_b2_shuf            t= 593.1s  sc/train=34/150 pred/k=0/50  -> no
  [33/321] collatz_k5_c1_b3_shuf            t= 591.6s  sc/train=25/150 pred/k=0/50  -> no
  [34/321] collatz_k5_c3_b2_shuf            t= 592.9s  sc/train=86/150 pred/k=0/50  -> no
  [35/321] collatz_k5_c3_b3_shuf            t= 591.8s  sc/train=32/150 pred/k=0/50  -> no
  [36/321] collatz_k9_c5_b4_shuf            t= 598.0s  sc/train=23/150 pred/k=0/50  -> no
  [37/321] collatz_k9_c7_b4_shuf            t= 593.7s  sc/train=81/150 pred/k=0/50  -> no
  [38/321] eca_015_shuf                     t= 600.2s  sc/train=17/375 pred/k=0/125  -> no
  [39/321] eca_027_shuf                     t= 600.2s  sc/train=19/375 pred/k=0/125  -> no
  [40/321] eca_030_shuf                     t= 600.1s  sc/train=21/375 pred/k=0/125  -> no
  [41/321] eca_032_shuf                     t= 626.5s  sc/train=311/375 pred/k=0/125  -> no
  [42/321] eca_047_shuf                     t= 600.3s  sc/train=21/375 pred/k=0/125  -> no
  [43/321] eca_048_shuf                     t=  13.9s  sc/train=375/375 pred/k=124/125  -> no
  [44/321] eca_064_shuf                     t= 634.6s  sc/train=325/375 pred/k=0/125  -> no
  [45/321] eca_084_shuf                     t= 631.8s  sc/train=235/375 pred/k=0/125  -> no
  [46/321] eca_088_shuf                     t=  14.1s  sc/train=375/375 pred/k=124/125  -> no
  [47/321] eca_107_shuf                     t= 592.9s  sc/train=16/375 pred/k=0/125  -> no
  [48/321] eca_109_shuf                     t= 592.9s  sc/train=22/375 pred/k=0/125  -> no
  [49/321] eca_111_shuf                     t= 600.2s  sc/train=18/375 pred/k=0/125  -> no
  [50/321] eca_114_shuf                     t= 600.2s  sc/train=22/375 pred/k=0/125  -> no
  [51/321] eca_120_shuf                     t= 651.7s  sc/train=80/375 pred/k=0/125  -> no
  [52/321] eca_134_shuf                     t= 641.5s  sc/train=207/375 pred/k=0/125  -> no
  [53/321] eca_145_shuf                     t= 592.4s  sc/train=22/375 pred/k=0/125  -> no
  [54/321] eca_174_shuf                     t= 596.9s  sc/train=95/375 pred/k=0/125  -> no
  [55/321] eca_200_shuf                     t= 656.3s  sc/train=121/375 pred/k=0/125  -> no
  [56/321] eca_241_shuf                     t= 620.5s  sc/train=267/375 pred/k=0/125  -> no
  [57/321] eca_250_shuf                     t= 593.4s  sc/train=17/375 pred/k=0/125  -> no
  [58/321] A000002_a3_shuf                  t= 590.7s  sc/train=14/81 pred/k=0/27  -> no
  [59/321] A000120_a7_shuf                  t= 591.6s  sc/train=7/79 pred/k=0/26  -> no
  [60/321] A000203_a5_shuf                  t= 590.7s  sc/train=7/50 pred/k=0/20  -> no
  [61/321] A000217_a5_shuf                  t= 589.7s  sc/train=10/34 pred/k=0/20  -> no
  [62/321] A000290_a5_shuf                  t= 590.1s  sc/train=12/31 pred/k=0/20  -> no
  [63/321] A000326_a7_shuf                  t= 591.1s  sc/train=6/27 pred/k=0/20  -> no
  [64/321] A000796_a3_shuf                  t= 591.6s  sc/train=10/79 pred/k=0/26  -> no
  [65/321] A000961_a4_shuf                  t= 590.5s  sc/train=9/44 pred/k=0/20  -> no
  [66/321] A001055_a4_shuf                  t= 593.5s  sc/train=11/78 pred/k=0/25  -> no
  [67/321] A001065_a7_shuf                  t= 591.3s  sc/train=6/60 pred/k=0/20  -> no
  [68/321] A001113_a2_shuf                  t= 600.3s  sc/train=20/79 pred/k=0/26  -> no
  [69/321] A001157_a5_shuf                  t= 591.7s  sc/train=10/30 pred/k=0/20  -> no
  [70/321] A001227_a4_shuf                  t= 590.7s  sc/train=9/79 pred/k=0/26  -> no
  [71/321] A001358_a3_shuf                  t= 590.7s  sc/train=13/41 pred/k=0/20  -> no
  [72/321] A001477_a7_shuf                  t= 591.2s  sc/train=6/58 pred/k=0/20  -> no
  [73/321] A001481_a3_shuf                  t= 590.5s  sc/train=12/46 pred/k=0/20  -> no
  [74/321] A001481_a7_shuf                  t= 590.3s  sc/train=5/46 pred/k=0/20  -> no
  [75/321] A001622_a5_shuf                  t= 591.7s  sc/train=7/79 pred/k=0/26  -> no
  [76/321] A001969_a3_shuf                  t= 590.5s  sc/train=11/45 pred/k=0/20  -> no
  [77/321] A002113_a2_shuf                  t= 595.1s  sc/train=17/41 pred/k=0/20  -> no
  [78/321] A002378_a4_shuf                  t= 591.0s  sc/train=13/31 pred/k=0/20  -> no
  [79/321] A003484_a4_shuf                  t= 591.1s  sc/train=11/77 pred/k=0/25  -> no
  [80/321] A004011_a4_shuf                  t=  71.4s  sc/train=33/33 pred/k=20/20  -> DISCOVERY
  [81/321] A004018_a2_shuf                  t= 313.3s  sc/train=77/77 pred/k=24/25  -> no
  [82/321] A004159_a2_shuf                  t= 594.6s  sc/train=18/60 pred/k=0/20  -> no
  [83/321] A005349_a4_shuf                  t= 590.2s  sc/train=10/41 pred/k=0/20  -> no
  [84/321] A005811_a4_shuf                  t= 592.1s  sc/train=8/71 pred/k=0/23  -> no
  [85/321] A006995_a2_shuf                  t=  10.7s  sc/train=38/38 pred/k=19/20  -> no
  [86/321] A007090_a3_shuf                  t= 590.2s  sc/train=13/44 pred/k=0/20  -> no
  [87/321] A007091_a4_shuf                  t= 591.1s  sc/train=9/46 pred/k=0/20  -> no
  [88/321] A007092_a3_shuf                  t= 591.0s  sc/train=13/46 pred/k=0/20  -> no
  [89/321] A007094_a4_shuf                  t= 592.8s  sc/train=9/54 pred/k=0/20  -> no
  [90/321] A007095_a2_shuf                  t= 600.2s  sc/train=17/57 pred/k=0/20  -> no
  [91/321] A007770_a3_shuf                  t= 590.0s  sc/train=12/34 pred/k=0/20  -> no
  [92/321] A008277_a2_shuf                  t= 618.1s  sc/train=21/46 pred/k=0/20  -> no
  [93/321] A008279_a5_shuf                  t= 590.5s  sc/train=8/35 pred/k=0/20  -> no
  [94/321] A008292_a5_shuf                  t= 590.1s  sc/train=9/35 pred/k=0/20  -> no
  [95/321] A011531_a3_shuf                  t= 590.7s  sc/train=11/33 pred/k=0/20  -> no
  [96/321] A018252_a4_shuf                  t= 592.4s  sc/train=9/45 pred/k=0/20  -> no
  [97/321] A020652_a7_shuf                  t= 591.0s  sc/train=5/73 pred/k=0/24  -> no
  [98/321] A025487_a3_shuf                  t= 591.8s  sc/train=19/34 pred/k=0/20  -> no
  [99/321] A027642_a3_shuf                  t= 590.9s  sc/train=11/42 pred/k=0/20  -> no
  [100/321] A029447_a3_shuf                  t=1221.2s  sc/train=9/29 pred/k=0/20  -> no
  [101/321] A029447_a4_shuf                  t= 591.4s  sc/train=9/29 pred/k=0/20  -> no
  [102/321] A029518_a3_shuf                  t= 591.4s  sc/train=13/21 pred/k=0/20  -> no
  [103/321] A031347_a4_shuf                  t= 591.0s  sc/train=11/66 pred/k=0/21  -> no
  [104/321] A035327_a4_shuf                  t= 592.4s  sc/train=9/62 pred/k=0/20  -> no
  [105/321] A036554_a4_shuf                  t= 590.2s  sc/train=15/39 pred/k=0/20  -> no
  [106/321] A038567_a3_shuf                  t= 591.9s  sc/train=12/58 pred/k=0/20  -> no
  [107/321] A038569_a2_shuf                  t= 600.2s  sc/train=17/71 pred/k=0/23  -> no
  [108/321] A038618_a4_shuf                  t= 590.9s  sc/train=14/38 pred/k=0/20  -> no
  [109/321] A043529_a4_shuf                  t= 593.0s  sc/train=20/69 pred/k=0/22  -> no
  [110/321] A043537_a2_shuf                  t= 592.5s  sc/train=20/68 pred/k=0/22  -> no
  [111/321] A044813_a3_shuf                  t= 590.3s  sc/train=12/39 pred/k=0/20  -> no
  [112/321] A048724_a3_shuf                  t= 590.1s  sc/train=12/45 pred/k=0/20  -> no
  [113/321] A054055_a3_shuf                  t= 591.1s  sc/train=10/79 pred/k=0/26  -> no
  [114/321] A054055_a4_shuf                  t= 591.2s  sc/train=9/79 pred/k=0/26  -> no
  [115/321] A055012_a3_shuf                  t= 590.3s  sc/train=12/40 pred/k=0/20  -> no
  [116/321] A056964_a2_shuf                  t= 592.6s  sc/train=22/45 pred/k=0/20  -> no
  [117/321] A062028_a2_shuf                  t= 592.6s  sc/train=17/51 pred/k=0/20  -> no
  [118/321] A062756_a3_shuf                  t= 593.9s  sc/train=11/79 pred/k=0/26  -> no
  [119/321] A078972_a2_shuf                  t=  40.8s  sc/train=35/35 pred/k=17/20  -> no
  [120/321] A078972_a3_shuf                  t= 591.0s  sc/train=14/35 pred/k=0/20  -> no
  [121/321] A091924_a4_shuf                  t= 589.8s  sc/train=15/29 pred/k=0/20  -> no
  [122/321] A112798_a7_shuf                  t= 592.6s  sc/train=7/77 pred/k=0/25  -> no
  [123/321] A175298_a2_shuf                  t=  10.9s  sc/train=53/53 pred/k=19/20  -> no
  [124/321] A206913_a3_shuf                  t= 590.5s  sc/train=31/49 pred/k=0/20  -> no
  [125/321] A206914_a3_shuf                  t= 591.6s  sc/train=12/48 pred/k=0/20  -> no
  [126/321] A226898_a5_shuf                  t= 593.2s  sc/train=9/69 pred/k=0/23  -> no
  [127/321] A233564_a3_shuf                  t= 590.7s  sc/train=12/42 pred/k=0/20  -> no
  [128/321] A235394_a3_shuf                  t= 590.4s  sc/train=12/32 pred/k=0/20  -> no
  [129/321] A235394_a4_shuf                  t= 589.7s  sc/train=8/32 pred/k=0/20  -> no
  [130/321] A235395_a2_shuf                  t=  10.5s  sc/train=29/29 pred/k=19/20  -> no
  [131/321] A246655_a3_shuf                  t= 591.3s  sc/train=12/41 pred/k=0/20  -> no
  [132/321] A276086_a2_shuf                  t= 592.5s  sc/train=16/54 pred/k=0/20  -> no
  [133/321] A385776_a2_shuf                  t=  11.2s  sc/train=21/21 pred/k=19/20  -> no
  [134/321] tot3_0001_shuf                   t= 592.5s  sc/train=17/375 pred/k=0/125  -> no
  [135/321] tot3_0006_shuf                   t= 608.7s  sc/train=205/375 pred/k=0/125  -> no
  [136/321] tot3_0014_shuf                   t= 592.6s  sc/train=12/375 pred/k=0/125  -> no
  [137/321] tot3_0023_shuf                   t= 592.5s  sc/train=17/375 pred/k=0/125  -> no
  [138/321] tot3_0045_shuf                   t= 603.1s  sc/train=359/375 pred/k=0/125  -> no
  [139/321] tot3_0051_shuf                   t= 594.1s  sc/train=148/375 pred/k=0/125  -> no
  [140/321] tot3_0072_shuf                   t=  16.3s  sc/train=375/375 pred/k=124/125  -> no
  [141/321] tot3_0104_shuf                   t= 592.5s  sc/train=16/375 pred/k=0/125  -> no
  [142/321] tot3_0133_shuf                   t= 602.4s  sc/train=140/375 pred/k=0/125  -> no
  [143/321] tot3_0135_shuf                   t=  16.7s  sc/train=375/375 pred/k=124/125  -> no
  [144/321] tot3_0145_shuf                   t= 592.5s  sc/train=14/375 pred/k=0/125  -> no
  [145/321] tot3_0146_shuf                   t= 592.5s  sc/train=11/375 pred/k=0/125  -> no
  [146/321] tot3_0153_shuf                   t=  16.0s  sc/train=375/375 pred/k=124/125  -> no
  [147/321] tot3_0156_shuf                   t= 592.6s  sc/train=28/375 pred/k=0/125  -> no
  [148/321] tot3_0160_shuf                   t= 592.8s  sc/train=11/375 pred/k=0/125  -> no
  [149/321] tot3_0176_shuf                   t= 592.6s  sc/train=11/375 pred/k=0/125  -> no
  [150/321] tot3_0190_shuf                   t= 606.9s  sc/train=69/375 pred/k=0/125  -> no
  [151/321] tot3_0205_shuf                   t= 592.9s  sc/train=73/375 pred/k=0/125  -> no
  [152/321] tot3_0237_shuf                   t= 593.0s  sc/train=58/375 pred/k=0/125  -> no
  [153/321] tot3_0244_shuf                   t= 592.9s  sc/train=23/375 pred/k=0/125  -> no
  [154/321] tot3_0248_shuf                   t= 593.4s  sc/train=12/375 pred/k=0/125  -> no
  [155/321] tot3_0249_shuf                   t= 603.9s  sc/train=280/375 pred/k=0/125  -> no
  [156/321] tot3_0254_shuf                   t= 593.0s  sc/train=16/375 pred/k=0/125  -> no
  [157/321] tot3_0267_shuf                   t= 603.8s  sc/train=225/375 pred/k=0/125  -> no
  [158/321] tot3_0280_shuf                   t= 612.2s  sc/train=247/375 pred/k=0/125  -> no
  [159/321] tot3_0288_shuf                   t= 607.7s  sc/train=158/375 pred/k=0/125  -> no
  [160/321] tot3_0312_shuf                   t= 594.0s  sc/train=277/375 pred/k=0/125  -> no
  [161/321] tot3_0314_shuf                   t= 592.7s  sc/train=13/375 pred/k=0/125  -> no
  [162/321] tot3_0321_shuf                   t= 622.5s  sc/train=214/375 pred/k=0/125  -> no
  [163/321] tot3_0342_shuf                   t= 606.4s  sc/train=321/375 pred/k=0/125  -> no
  [164/321] tot3_0352_shuf                   t= 602.5s  sc/train=85/375 pred/k=0/125  -> no
  [165/321] tot3_0359_shuf                   t= 592.6s  sc/train=14/375 pred/k=0/125  -> no
  [166/321] tot3_0362_shuf                   t= 606.9s  sc/train=197/375 pred/k=0/125  -> no
  [167/321] tot3_0376_shuf                   t= 592.6s  sc/train=13/375 pred/k=0/125  -> no
  [168/321] tot3_0403_shuf                   t= 592.6s  sc/train=15/375 pred/k=0/125  -> no
  [169/321] tot3_0451_shuf                   t= 605.3s  sc/train=117/375 pred/k=0/125  -> no
  [170/321] tot3_0458_shuf                   t= 592.7s  sc/train=16/375 pred/k=0/125  -> no
  [171/321] tot3_0480_shuf                   t= 594.3s  sc/train=102/375 pred/k=0/125  -> no
  [172/321] tot3_0482_shuf                   t= 592.8s  sc/train=17/375 pred/k=0/125  -> no
  [173/321] tot3_0496_shuf                   t= 592.7s  sc/train=17/375 pred/k=0/125  -> no
  [174/321] tot3_0498_shuf                   t= 607.2s  sc/train=68/375 pred/k=0/125  -> no
  [175/321] tot3_0507_shuf                   t= 596.6s  sc/train=165/375 pred/k=0/125  -> no
  [176/321] tot3_0515_shuf                   t= 592.8s  sc/train=17/375 pred/k=0/125  -> no
  [177/321] tot3_0521_shuf                   t= 592.7s  sc/train=13/375 pred/k=0/125  -> no
  [178/321] tot3_0545_shuf                   t= 592.8s  sc/train=19/375 pred/k=0/125  -> no
  [179/321] tot3_0548_shuf                   t= 592.6s  sc/train=15/375 pred/k=0/125  -> no
  [180/321] tot3_0560_shuf                   t= 592.7s  sc/train=13/375 pred/k=0/125  -> no
  [181/321] tot3_0562_shuf                   t= 592.7s  sc/train=13/375 pred/k=0/125  -> no
  [182/321] tot3_0569_shuf                   t= 592.7s  sc/train=13/375 pred/k=0/125  -> no
  [183/321] tot3_0593_shuf                   t= 592.5s  sc/train=17/375 pred/k=0/125  -> no
  [184/321] tot3_0594_shuf                   t= 605.4s  sc/train=90/375 pred/k=0/125  -> no
  [185/321] tot3_0600_shuf                   t= 592.7s  sc/train=11/375 pred/k=0/125  -> no
  [186/321] tot3_0604_shuf                   t= 603.4s  sc/train=96/375 pred/k=0/125  -> no
  [187/321] tot3_0664_shuf                   t= 592.9s  sc/train=13/375 pred/k=0/125  -> no
  [188/321] tot3_0674_shuf                   t= 592.8s  sc/train=14/375 pred/k=0/125  -> no
  [189/321] tot3_0696_shuf                   t= 592.7s  sc/train=89/375 pred/k=0/125  -> no
  [190/321] tot3_0706_shuf                   t= 592.8s  sc/train=10/375 pred/k=0/125  -> no
  [191/321] tot3_0731_shuf                   t= 592.8s  sc/train=13/375 pred/k=0/125  -> no
  [192/321] tot3_0744_shuf                   t= 604.1s  sc/train=110/375 pred/k=0/125  -> no
  [193/321] tot3_0763_shuf                   t= 592.7s  sc/train=13/375 pred/k=0/125  -> no
  [194/321] tot3_0767_shuf                   t= 601.9s  sc/train=248/375 pred/k=0/125  -> no
  [195/321] tot3_0816_shuf                   t= 594.1s  sc/train=134/375 pred/k=0/125  -> no
  [196/321] tot3_0818_shuf                   t= 592.7s  sc/train=13/375 pred/k=0/125  -> no
  [197/321] tot3_0839_shuf                   t= 592.5s  sc/train=10/375 pred/k=0/125  -> no
  [198/321] tot3_0843_shuf                   t= 592.8s  sc/train=11/375 pred/k=0/125  -> no
  [199/321] tot3_0863_shuf                   t=  57.2s  sc/train=375/375 pred/k=125/125  -> DISCOVERY
  [200/321] tot3_0870_shuf                   t= 592.7s  sc/train=15/375 pred/k=0/125  -> no
  [201/321] tot3_0892_shuf                   t= 592.7s  sc/train=15/375 pred/k=0/125  -> no
  [202/321] tot3_0899_shuf                   t= 592.6s  sc/train=12/375 pred/k=0/125  -> no
  [203/321] tot3_0951_shuf                   t= 605.3s  sc/train=103/375 pred/k=0/125  -> no
  [204/321] tot3_0953_shuf                   t= 593.3s  sc/train=16/375 pred/k=0/125  -> no
  [205/321] tot3_0964_shuf                   t= 592.8s  sc/train=13/375 pred/k=0/125  -> no
  [206/321] tot3_0977_shuf                   t= 592.7s  sc/train=11/375 pred/k=0/125  -> no
  [207/321] tot3_0984_shuf                   t= 594.7s  sc/train=64/375 pred/k=0/125  -> no
  [208/321] tot3_1017_shuf                   t= 603.1s  sc/train=239/375 pred/k=0/125  -> no
  [209/321] tot3_1025_shuf                   t= 601.7s  sc/train=113/375 pred/k=0/125  -> no
  [210/321] tot3_1035_shuf                   t= 603.5s  sc/train=112/375 pred/k=0/125  -> no
  [211/321] tot3_1054_shuf                   t= 592.7s  sc/train=13/375 pred/k=0/125  -> no
  [212/321] tot3_1069_shuf                   t= 592.7s  sc/train=14/375 pred/k=0/125  -> no
  [213/321] tot3_1097_shuf                   t= 602.0s  sc/train=135/375 pred/k=0/125  -> no
  [214/321] tot3_1105_shuf                   t= 602.1s  sc/train=362/375 pred/k=0/125  -> no
  [215/321] tot3_1115_shuf                   t= 592.6s  sc/train=14/375 pred/k=0/125  -> no
  [216/321] tot3_1127_shuf                   t= 592.6s  sc/train=13/375 pred/k=0/125  -> no
  [217/321] tot3_1130_shuf                   t= 592.6s  sc/train=13/375 pred/k=0/125  -> no
  [218/321] tot3_1144_shuf                   t= 592.6s  sc/train=15/375 pred/k=0/125  -> no
  [219/321] tot3_1148_shuf                   t= 592.4s  sc/train=11/375 pred/k=0/125  -> no
  [220/321] tot3_1157_shuf                   t= 592.5s  sc/train=13/375 pred/k=0/125  -> no
  [221/321] tot3_1167_shuf                   t= 597.6s  sc/train=132/375 pred/k=0/125  -> no
  [222/321] tot3_1194_shuf                   t= 602.4s  sc/train=364/375 pred/k=0/125  -> no
  [223/321] tot3_1197_shuf                   t= 602.8s  sc/train=251/375 pred/k=0/125  -> no
  [224/321] tot3_1200_shuf                   t= 592.6s  sc/train=15/375 pred/k=0/125  -> no
  [225/321] tot3_1204_shuf                   t= 592.6s  sc/train=13/375 pred/k=0/125  -> no
  [226/321] tot3_1213_shuf                   t= 592.6s  sc/train=16/375 pred/k=0/125  -> no
  [227/321] tot3_1217_shuf                   t= 592.5s  sc/train=11/375 pred/k=0/125  -> no
  [228/321] tot3_1218_shuf                   t= 605.4s  sc/train=330/375 pred/k=0/125  -> no
  [229/321] tot3_1239_shuf                   t= 592.6s  sc/train=15/375 pred/k=0/125  -> no
  [230/321] tot3_1250_shuf                   t= 603.0s  sc/train=164/375 pred/k=0/125  -> no
  [231/321] tot3_1251_shuf                   t= 603.1s  sc/train=308/375 pred/k=0/125  -> no
  [232/321] tot3_1270_shuf                   t= 592.6s  sc/train=17/375 pred/k=0/125  -> no
  [233/321] tot3_1282_shuf                   t= 592.5s  sc/train=17/375 pred/k=0/125  -> no
  [234/321] tot3_1316_shuf                   t= 592.6s  sc/train=12/375 pred/k=0/125  -> no
  [235/321] tot3_1318_shuf                   t= 592.5s  sc/train=12/375 pred/k=0/125  -> no
  [236/321] tot3_1325_shuf                   t= 592.5s  sc/train=12/375 pred/k=0/125  -> no
  [237/321] tot3_1329_shuf                   t= 592.5s  sc/train=16/375 pred/k=0/125  -> no
  [238/321] tot3_1349_shuf                   t= 605.5s  sc/train=325/375 pred/k=0/125  -> no
  [239/321] tot3_1350_shuf                   t= 609.2s  sc/train=141/375 pred/k=0/125  -> no
  [240/321] tot3_1355_shuf                   t= 592.7s  sc/train=15/375 pred/k=0/125  -> no
  [241/321] tot3_1371_shuf                   t= 592.5s  sc/train=16/375 pred/k=0/125  -> no
  [242/321] tot3_1376_shuf                   t= 592.5s  sc/train=14/375 pred/k=0/125  -> no
  [243/321] tot3_1411_shuf                   t= 606.3s  sc/train=107/375 pred/k=0/125  -> no
  [244/321] tot3_1418_shuf                   t= 607.0s  sc/train=141/375 pred/k=0/125  -> no
  [245/321] tot3_1425_shuf                   t= 593.2s  sc/train=59/375 pred/k=0/125  -> no
  [246/321] tot3_1442_shuf                   t= 592.5s  sc/train=16/375 pred/k=0/125  -> no
  [247/321] tot3_1446_shuf                   t= 592.6s  sc/train=13/375 pred/k=0/125  -> no
  [248/321] tot3_1450_shuf                   t= 592.5s  sc/train=14/375 pred/k=0/125  -> no
  [249/321] tot3_1464_shuf                   t= 607.8s  sc/train=99/375 pred/k=0/125  -> no
  [250/321] tot3_1476_shuf                   t= 603.1s  sc/train=242/375 pred/k=0/125  -> no
  [251/321] tot3_1485_shuf                   t= 604.1s  sc/train=238/375 pred/k=0/125  -> no
  [252/321] tot3_1516_shuf                   t= 601.1s  sc/train=70/375 pred/k=0/125  -> no
  [253/321] tot3_1534_shuf                   t= 601.2s  sc/train=295/375 pred/k=0/125  -> no
  [254/321] tot3_1537_shuf                   t=  15.7s  sc/train=375/375 pred/k=124/125  -> no
  [255/321] tot3_1553_shuf                   t= 592.6s  sc/train=14/375 pred/k=0/125  -> no
  [256/321] tot3_1597_shuf                   t= 601.0s  sc/train=203/375 pred/k=0/125  -> no
  [257/321] tot3_1608_shuf                   t= 592.6s  sc/train=11/375 pred/k=0/125  -> no
  [258/321] tot3_1621_shuf                   t= 592.5s  sc/train=15/375 pred/k=0/125  -> no
  [259/321] tot3_1624_shuf                   t= 592.6s  sc/train=22/375 pred/k=0/125  -> no
  [260/321] tot3_1626_shuf                   t=  57.2s  sc/train=375/375 pred/k=125/125  -> DISCOVERY
  [261/321] tot3_1642_shuf                   t= 592.5s  sc/train=14/375 pred/k=0/125  -> no
  [262/321] tot3_1646_shuf                   t= 601.1s  sc/train=261/375 pred/k=0/125  -> no
  [263/321] tot3_1678_shuf                   t= 592.9s  sc/train=208/375 pred/k=0/125  -> no
  [264/321] tot3_1682_shuf                   t=  15.6s  sc/train=375/375 pred/k=124/125  -> no
  [265/321] tot3_1690_shuf                   t= 601.0s  sc/train=70/375 pred/k=0/125  -> no
  [266/321] tot3_1699_shuf                   t=  57.0s  sc/train=375/375 pred/k=125/125  -> DISCOVERY
  [267/321] tot3_1700_shuf                   t=  36.0s  sc/train=375/375 pred/k=125/125  -> DISCOVERY
  [268/321] tot3_1710_shuf                   t= 603.0s  sc/train=318/375 pred/k=0/125  -> no
  [269/321] tot3_1713_shuf                   t= 603.4s  sc/train=212/375 pred/k=0/125  -> no
  [270/321] tot3_1714_shuf                   t= 592.6s  sc/train=15/375 pred/k=0/125  -> no
  [271/321] tot3_1721_shuf                   t= 600.7s  sc/train=80/375 pred/k=0/125  -> no
  [272/321] tot3_1727_shuf                   t=  15.8s  sc/train=375/375 pred/k=124/125  -> no
  [273/321] tot3_1756_shuf                   t= 599.1s  sc/train=25/375 pred/k=0/125  -> no
  [274/321] tot3_1784_shuf                   t= 592.6s  sc/train=13/375 pred/k=0/125  -> no
  [275/321] tot3_1817_shuf                   t=  15.3s  sc/train=375/375 pred/k=124/125  -> no
  [276/321] tot3_1842_shuf                   t= 592.5s  sc/train=12/375 pred/k=0/125  -> no
  [277/321] tot3_1874_shuf                   t= 592.7s  sc/train=16/375 pred/k=0/125  -> no
  [278/321] tot3_1897_shuf                   t= 601.8s  sc/train=219/375 pred/k=0/125  -> no
  [279/321] tot3_1940_shuf                   t=  15.5s  sc/train=375/375 pred/k=123/125  -> no
  [280/321] tot3_1942_shuf                   t= 601.3s  sc/train=169/375 pred/k=0/125  -> no
  [281/321] tot3_1943_shuf                   t=  15.7s  sc/train=375/375 pred/k=124/125  -> no
  [282/321] tot3_1962_shuf                   t=  16.0s  sc/train=375/375 pred/k=124/125  -> no
  [283/321] tot3_1966_shuf                   t= 592.5s  sc/train=13/375 pred/k=0/125  -> no
  [284/321] tot3_1973_shuf                   t= 600.9s  sc/train=126/375 pred/k=0/125  -> no
  [285/321] tot3_1981_shuf                   t=  58.4s  sc/train=375/375 pred/k=124/125  -> no
  [286/321] tot3_1982_shuf                   t= 602.1s  sc/train=125/375 pred/k=0/125  -> no
  [287/321] tot3_1998_shuf                   t= 602.9s  sc/train=211/375 pred/k=0/125  -> no
  [288/321] tot3_1999_shuf                   t= 597.9s  sc/train=40/375 pred/k=0/125  -> no
  [289/321] tot3_2025_shuf                   t= 604.0s  sc/train=149/375 pred/k=0/125  -> no
  [290/321] tot3_2029_shuf                   t= 592.6s  sc/train=20/375 pred/k=0/125  -> no
  [291/321] tot3_2041_shuf                   t= 592.5s  sc/train=15/375 pred/k=0/125  -> no
  [292/321] tot3_2059_shuf                   t=  15.6s  sc/train=375/375 pred/k=124/125  -> no
  [293/321] tot3_2062_shuf                   t= 601.9s  sc/train=60/375 pred/k=0/125  -> no
  [294/321] tot3_2076_shuf                   t= 592.7s  sc/train=15/375 pred/k=0/125  -> no
  [295/321] tot3_2084_shuf                   t= 600.7s  sc/train=264/375 pred/k=0/125  -> no
  [296/321] tot3_2097_shuf                   t= 340.3s  sc/train=375/375 pred/k=125/125  -> DISCOVERY
  [297/321] tot3_2125_shuf                   t= 601.3s  sc/train=85/375 pred/k=0/125  -> no
  [298/321] tot3_2134_shuf                   t= 601.9s  sc/train=138/375 pred/k=0/125  -> no
  [299/321] tot3_2151_shuf                   t= 331.7s  sc/train=375/375 pred/k=85/125  -> no
  [300/321] tot3_2152_shuf                   t= 601.6s  sc/train=133/375 pred/k=0/125  -> no
  [301/321] tot3_2175_shuf                   t= 601.1s  sc/train=180/375 pred/k=0/125  -> no
  [302/321] eca_009_shuf                     t= 600.3s  sc/train=17/375 pred/k=0/125  -> no
  [303/321] eca_021_shuf                     t= 613.8s  sc/train=18/375 pred/k=0/125  -> no
  [304/321] eca_025_shuf                     t= 600.2s  sc/train=20/375 pred/k=0/125  -> no
  [305/321] eca_031_shuf                     t= 617.1s  sc/train=17/375 pred/k=0/125  -> no
  [306/321] eca_043_shuf                     t= 592.1s  sc/train=15/375 pred/k=0/125  -> no
  [307/321] eca_055_shuf                     t= 600.2s  sc/train=19/375 pred/k=0/125  -> no
  [308/321] eca_065_shuf                     t= 600.2s  sc/train=16/375 pred/k=0/125  -> no
  [309/321] eca_083_shuf                     t= 592.0s  sc/train=16/375 pred/k=0/125  -> no
  [310/321] eca_085_shuf                     t= 600.2s  sc/train=19/375 pred/k=0/125  -> no
  [311/321] eca_095_shuf                     t= 592.1s  sc/train=20/375 pred/k=0/125  -> no
  [312/321] eca_099_shuf                     t= 592.1s  sc/train=15/375 pred/k=0/125  -> no
  [313/321] eca_115_shuf                     t= 611.6s  sc/train=26/375 pred/k=0/125  -> no
  [314/321] eca_117_shuf                     t= 592.1s  sc/train=16/375 pred/k=0/125  -> no
  [315/321] eca_121_shuf                     t= 614.9s  sc/train=17/375 pred/k=0/125  -> no
  [316/321] eca_122_shuf                     t= 613.7s  sc/train=16/375 pred/k=0/125  -> no
  [317/321] eca_149_shuf                     t= 600.6s  sc/train=17/375 pred/k=0/125  -> no
  [318/321] eca_163_shuf                     t= 592.7s  sc/train=21/375 pred/k=0/125  -> no
  [319/321] eca_178_shuf                     t= 600.1s  sc/train=23/375 pred/k=0/125  -> no
  [320/321] eca_193_shuf                     t= 600.2s  sc/train=16/375 pred/k=0/125  -> no
  [321/321] eca_214_shuf                     t= 592.5s  sc/train=27/375 pred/k=0/125  -> no

done: 321 new trials in 175483s; CSV at null_raw.csv
